// Jest Snapshot v1, https://goo.gl/fbAQLP

exports[`filter renders correctly 1`] = `
<h1>
  SSCx portal
</h1>
`;
